Found 100 ngrams:
               the love of god	12
      shalt love thy neighbour	8
              to love the lord	6
           shalt love the lord	5
               the love of the	4
           ye love one another	4
           to love one another	3
            the love of christ	3
         as love thy salvation	2
              ye love the lord	2
             and love which is	2
           we love one another	2
             that love him and	2
                 i love in the	2
            that love thy name	2
            and love the other	2
            ye love them which	2
                i love you not	1
            that love the lord	1
             the love of thine	1
            thy love is better	1
            his love toward us	1
          greater love hath no	1
          we love the brethren	1
            that love our lord	1
               i love the lord	1
              the love which i	1
        to love their husbands	1
             shalt love him as	1
               his love and in	1
            man love the world	1
                for love is of	1
      therefore love the truth	1
              i love my master	1
                 in love to my	1
      perfect love casteth out	1
          mayest love the lord	1
         the love wherewith he	1
         will love them freely	1
               and love of god	1
            they love him that	1
            that love his name	1
             by love serve one	1
             i love the father	1
           let love be without	1
         either love or hatred	1
             and love the good	1
           us love one another	1
            would love his own	1
                thy love to me	1
            will love him most	1
             will love them no	1
           to love their wives	1
               that love us in	1
          and love one another	1
             of love and peace	1
              my love they are	1
             in love for their	1
         our love made perfect	1
       should love one another	1
            for love is strong	1
        and love the uppermost	1
           and love with faith	1
           i love thy precepts	1
         unfeigned love of the	1
            that love it shall	1
             my love among the	1
              unto love and to	1
          your love may abound	1
           in love dwelleth in	1
             they love to pray	1
              not love in word	1
       the love wherewith thou	1
              to love the name	1
              to love him with	1
             and love no false	1
           and love flagons of	1
             the love that god	1
            which love thy law	1
            and love them that	1
            in love one toward	1
          tender love with the	1
          also love those that	1
              that love me and	1
              which love to go	1
         therefore love is the	1
               o love the lord	1
         ye love the uppermost	1
       i love them exceedingly	1
              but love ye your	1
       that love his appearing	1
            thy love and faith	1
       great love wherewith he	1
             the love of money	1
          your love toward him	1
         and love greetings in	1
        brotherly love ye need	1
       and love salutations in	1
            thy love than wine	1
             the love of women	1
